============================================================
T073 acceptance verification
============================================================
found 32 PDFs in 02_PDF
  [ 1/32] 001-Общие данные начало.pdf ...
    -> 2 items in 3.2s
  [ 2/32] 002-Общие данные окончание.pdf ...
    -> 2 items in 3.1s
  [ 3/32] 003 - Схемы ЩО, ЩАО-ЩО-3.pdf ...
    -> 3 items in 4.2s
  [ 4/32] 004 - Схемы ЩО, ЩАО-ЩАО-3.pdf ...
    -> 1 items in 2.4s
  [ 5/32] 004.1- Схемы ЩО, ЩАО-ЦСАО.pdf ...
    -> 5 items in 226.2s
  [ 6/32] 005-Планы освещения-отм. 0.000.pdf ...
    -> 31 items in 188.0s
  [ 7/32] 006-Планы освещения-отм. +4.200.pdf ...
    -> 36 items in 186.4s
  [ 8/32] 007-Планы освещения-отм. +7.800 +9.000.pdf ...
    -> 27 items in 150.4s
  [ 9/32] 008-Планы освещения-отм. +13.800.pdf ...
    -> 23 items in 135.7s
  [10/32] 009-Планы освещения-отм. +18.600.pdf ...
    -> 27 items in 136.7s
  [11/32] 010-Планы освещения-отм. +23.400.pdf ...
    -> 28 items in 138.1s
  [12/32] 011-Планы освещения-отм. +28.200.pdf ...
    -> 28 items in 117.8s
  [13/32] 012-План привязки на отм. 0.000.pdf ...
    -> 20 items in 186.8s
  [14/32] 013-План привязки на отм. +4.200.pdf ...
    -> 24 items in 169.6s
  [15/32] 014-План привязки на отм. +9.000.pdf ...
    -> 19 items in 146.1s
  [16/32] 015-План приявязки на отм. +13.800.pdf ...
    -> 19 items in 134.0s
  [17/32] 016-План привязки на отм. +18.600.pdf ...
    -> 19 items in 131.3s
  [18/32] 017-План привязки на отм. +23.400.pdf ...
    -> 19 items in 129.7s
  [19/32] 018-План привязки на отм. +28.200.pdf ...
    -> 18 items in 115.1s
  [20/32] 019-Лотки отм. 0.000.pdf ...
    -> 2 items in 22.1s
  [21/32] 020-Лотки отм. +4.200.pdf ...
    -> 2 items in 22.2s
  [22/32] 021-Лотки на отм. +9.000.pdf ...
    -> 2 items in 21.4s
  [23/32] 022-Лотки на отм. +13.800.pdf ...
    -> 2 items in 21.7s
  [24/32] 023-Лотки на отм. +18.600.pdf ...
    -> 2 items in 18.1s
  [25/32] 024-Лотки на отм. +23.400.pdf ...
    -> 2 items in 18.2s
  [26/32] 025-Лотки на отм. +28.200.pdf ...
    -> 2 items in 19.7s
  [27/32] 1) Титульный лист (1Д-24-3-3-ЭО) изм.2_рев.1.pdf ...
    -> 0 items in 0.3s
  [28/32] ВОР ЭО, Захватка 3_ГПК.pdf ...
    -> 2 items in 2.3s
  [29/32] СО-СО_01.pdf ...
    -> 1 items in 2.3s
  [30/32] СО-СО_02.pdf ...
    -> 0 items in 0.2s
  [31/32] СО-СО_03.pdf ...
    -> 0 items in 1.4s
  [32/32] СО-СО_04.pdf ...
    -> 0 items in 1.2s
total elapsed: 2456.1s
------------------------------------------------------------
composed: 106 rows  (cables=35, luminaires=39, trays=0, conduits=0)
------------------------------------------------------------
reference rows: 122
------------------------------------------------------------
G1 composed rows = 106 (threshold >= 80)
G1 PASS
------------------------------------------------------------
G2 match rate = 80.2% (threshold > 65%)
G2 matched 85/106 composed against 122 reference rows
G2 PASS
------------------------------------------------------------
G3 cables: 22 matched, 0 within 50% (share=0.0%)
G3 luminaires: 48 matched, 6 within 30% (share=12.5%)
G3 FAIL
------------------------------------------------------------
G4 wrote C:\Cursor\TayfaProject\EquipmentCounter\.tayfa\common\discussions\T066_compose_output.json (94634 bytes)
G4 PASS
============================================================
Overall: G1=PASS G2=PASS G3=FAIL G4=PASS
